../Core/Src/main.c:204:5:main	8	static
../Core/Src/main.c:306:6:SystemClock_Config	96	static
../Core/Src/main.c:367:13:MX_DFSDM1_Init	8	static
../Core/Src/main.c:405:13:MX_I2C2_Init	8	static
../Core/Src/main.c:453:13:MX_QUADSPI_Init	8	static
../Core/Src/main.c:486:13:MX_SPI3_Init	8	static
../Core/Src/main.c:526:13:MX_USART1_UART_Init	8	static
../Core/Src/main.c:561:13:MX_USB_OTG_FS_PCD_Init	8	static
../Core/Src/main.c:596:13:MX_GPIO_Init	48	static
../Core/Src/main.c:801:6:StartDefaultTask	16	static
../Core/Src/main.c:819:6:StartTaskBoatSM	16	static
../Core/Src/main.c:883:6:StartTaskDepthDetect	16	static
../Core/Src/main.c:901:6:StartTaskReadMotorCommands	24	static
../Core/Src/main.c:926:6:StartTaskSendData	16	static
../Core/Src/main.c:946:6:HAL_TIM_PeriodElapsedCallback	16	static
../Core/Src/main.c:963:6:Error_Handler	4	static,ignoring_inline_asm
